                                      1             ;; fat_mount.s
                                      2             ;;
                                      3             ;; FAT12/FAT16 mount parser and async mount submit paths.
                                      4             ;;
                                      5             ;; this file owns everything needed to turn a block device into one
                                      6             ;; mounted fat_fs_t:
                                      7             ;;   - boot-sector plausibility checks
                                      8             ;;   - full FAT12/FAT16 BPB parsing
                                      9             ;;   - MBR partition probing for hard disks
                                     10             ;;   - public async mount submission entry points
                                     11             ;;   - worker-side execution of queued mount requests
                                     12             ;;
                                     13             ;; it intentionally stops at metadata discovery. no directory walk
                                     14             ;; or file data access happens here; that lives in fat_lookup.s and
                                     15             ;; later file I/O modules. the split keeps mount-time code compact
                                     16             ;; and lets us optimize parsing without mixing it with path logic.
                                     17             ;; ----------------------------------------------------------------
                                     18             ;; 2026-06-16   tstih
                                     19             .module fat_mount
                                     20 
                                     21             .include "fat.inc"
                                      1             ;; fat.inc
                                      2             ;;
                                      3             ;; shared FAT ABI/constants for the assembly implementation.
                                      4             ;;
                                      5             ;; this include is the contract between:
                                      6             ;;   - the public C header (include/fat.h)
                                      7             ;;   - the shared worker core (fat.s)
                                      8             ;;   - mount-time logic (fat_mount.s)
                                      9             ;;   - path lookup logic (fat_lookup.s)
                                     10             ;;
                                     11             ;; public structure offsets MUST stay in lock-step with fat.h.
                                     12             ;; private request/layout values are kept here so the split asm
                                     13             ;; files can share one exact view of queue nodes and scratch state.
                                     14             ;;
                                     15             ;; 2026-06-16   tstih
                                     16 
                                     17             ;; --- public return codes (16-bit signed) ------------------------
                         00000000    18             .equ    FAT_OK,                 0x0000
                         0000FFFF    19             .equ    FAT_ENOMEM,             0xffff
                         0000FFFE    20             .equ    FAT_EINVAL,             0xfffe
                         0000FFFD    21             .equ    FAT_EBUSY,              0xfffd
                         0000FFFC    22             .equ    FAT_ENODEV,             0xfffc
                         0000FFFB    23             .equ    FAT_EIO,                0xfffb
                         0000FFFA    24             .equ    FAT_ENOENT,             0xfffa
                         0000FFF9    25             .equ    FAT_EEXIST,             0xfff9
                         0000FFF8    26             .equ    FAT_ENOSPC,             0xfff8
                         0000FFF7    27             .equ    FAT_EBADF,              0xfff7
                         0000FFF6    28             .equ    FAT_ENOTSUP,            0xfff6
                         0000FFF5    29             .equ    FAT_ENAMETOOLONG,       0xfff5
                         0000FFF4    30             .equ    FAT_ECORRUPT,           0xfff4
                         0000FFF3    31             .equ    FAT_EFBIG,              0xfff3
                                     32 
                                     33             ;; --- public constants -------------------------------------------
                         00000100    34             .equ    FAT_SECTOR_SIZE,        256
                         0000000B    35             .equ    FAT_SHORT_NAME_LEN,     11
                         00000002    36             .equ    FAT_CLUSTER_FIRST,      2
                         00000FF5    37             .equ    FAT_FAT12_LIMIT,        0x0ff5
                         00000001    38             .equ    FAT_ATTR_READ_ONLY,     0x01
                         00000008    39             .equ    FAT_ATTR_VOLUME_ID,     0x08
                         00000010    40             .equ    FAT_ATTR_DIRECTORY,     0x10
                         00000020    41             .equ    FAT_ATTR_ARCHIVE,       0x20
                         0000000F    42             .equ    FAT_ATTR_LFN,           0x0f
                         00000020    43             .equ    FAT_ENTRY_SIZE,         32
                         00000008    44             .equ    FAT_ENTRIES_PER_SECTOR, 8
                         0000000B    45             .equ    FAT_ENTRY_ATTR,         11
                         0000001A    46             .equ    FAT_ENTRY_CLUSTER,      26
                         0000001C    47             .equ    FAT_ENTRY_SIZE32,       28
                         000000E5    48             .equ    FAT_ENTRY_DELETED,      0xe5
                         00000000    49             .equ    FAT_ENTRY_END,          0x00
                         0000002E    50             .equ    FAT_DOT,                '.'
                         0000002F    51             .equ    FAT_SLASH,              '/'
                         00000020    52             .equ    FAT_SPACE,              ' '
                                     53 
                                     54             ;; --- worker configuration ---------------------------------------
                         00000020    55             .equ    FAT_WORKER_STACK,       32
                                     56 
                                     57             ;; --- fat_fs_t offsets (30 bytes) --------------------------------
                         00000000    58             .equ    FATFS_DEV,              0
                         00000002    59             .equ    FATFS_LBA_BASE,         2
                         00000004    60             .equ    FATFS_TOTAL_SECTORS,    4
                         00000006    61             .equ    FATFS_RESERVED,         6
                         00000008    62             .equ    FATFS_SECTORS_PER_FAT,  8
                         0000000A    63             .equ    FATFS_ROOT_ENTRIES,     10
                         0000000C    64             .equ    FATFS_ROOT_DIR_SECTORS, 12
                         0000000E    65             .equ    FATFS_FAT_START,        14
                         00000010    66             .equ    FATFS_ROOT_START,       16
                         00000012    67             .equ    FATFS_DATA_START,       18
                         00000014    68             .equ    FATFS_TOTAL_CLUSTERS,   20
                         00000016    69             .equ    FATFS_ALLOC_HINT,       22
                         00000018    70             .equ    FATFS_SECTORS_PER_CL,   24
                         00000019    71             .equ    FATFS_NUM_FATS,         25
                         0000001A    72             .equ    FATFS_FAT_BITS,         26
                         0000001B    73             .equ    FATFS_MOUNTED,          27
                         0000001C    74             .equ    FATFS_STATUS,           28
                         0000001E    75             .equ    FATFS_SIZE,             30
                                     76 
                                     77             ;; --- fat_dirent_t offsets (12 bytes) ----------------------------
                         00000000    78             .equ    FATDIRENT_FIRST_CLUSTER,0
                         00000002    79             .equ    FATDIRENT_SIZE,         2
                         00000006    80             .equ    FATDIRENT_DIR_SECTOR,   6
                         00000008    81             .equ    FATDIRENT_DIR_OFFSET,   8
                         00000009    82             .equ    FATDIRENT_ATTR,         9
                         0000000A    83             .equ    FATDIRENT_STATUS,       10
                         0000000C    84             .equ    FATDIRENT_SIZEOF,       12
                                     85 
                                     86             ;; --- fat_file_t offsets (18 bytes) ------------------------------
                                     87             ;; first 12 bytes intentionally match fat_dirent_t exactly.
                         00000000    88             .equ    FATFILE_FIRST_CLUSTER,  FATDIRENT_FIRST_CLUSTER
                         00000002    89             .equ    FATFILE_SIZE,           FATDIRENT_SIZE
                         00000006    90             .equ    FATFILE_DIR_SECTOR,     FATDIRENT_DIR_SECTOR
                         00000008    91             .equ    FATFILE_DIR_OFFSET,     FATDIRENT_DIR_OFFSET
                         00000009    92             .equ    FATFILE_ATTR,           FATDIRENT_ATTR
                         0000000A    93             .equ    FATFILE_STATUS,         FATDIRENT_STATUS
                         0000000C    94             .equ    FATFILE_FS,             12
                         0000000E    95             .equ    FATFILE_POS,            14
                         00000012    96             .equ    FATFILE_SIZEOF,         18
                                     97 
                                     98             ;; --- internal queued request layout -----------------------------
                                     99             ;; request header starts with a sysobj-compatible next/owner pair
                                    100             ;; so later process cleanup can walk the queue by owner.
                         00000000   101             .equ    FATREQ_NEXT,            0
                         00000002   102             .equ    FATREQ_OWNER,           2
                         00000004   103             .equ    FATREQ_OP,              4
                         00000005   104             .equ    FATREQ_FLAGS,           5
                         00000006   105             .equ    FATREQ_EVENT,           6
                         00000008   106             .equ    FATREQ_FS,              8
                         0000000A   107             .equ    FATREQ_DEV,             10
                         0000000C   108             .equ    FATREQ_BUF,             12
                         0000000E   109             .equ    FATREQ_BYTES,           14
                         00000010   110             .equ    FATREQ_ARG,             16
                         00000012   111             .equ    FATREQ_SIZE,            18
                                    112 
                         00000001   113             .equ    FATREQ_OP_MOUNT,        1
                         00000002   114             .equ    FATREQ_OP_LOOKUP,       2
                         00000003   115             .equ    FATREQ_OP_READ,         3
                         00000004   116             .equ    FATREQ_OP_WRITE,        4
                         00000005   117             .equ    FATREQ_OP_CREATE,       5
                                    118 
                         00000001   119             .equ    FATREQ_FLAG_FILE_ONLY,  0x01
                                    120 
                                    121             ;; --- scan helper return states ----------------------------------
                         00000000   122             .equ    FAT_SCAN_CONTINUE,      0
                         00000001   123             .equ    FAT_SCAN_FOUND,         1
                         00000002   124             .equ    FAT_SCAN_END,           2
                         00000000   125             .equ    FAT_WALK_LOOKUP,        0
                         00000001   126             .equ    FAT_WALK_CREATE,        1
                                    127 
                                    128             ;; --- boot sector offsets (FAT12/FAT16) --------------------------
                         0000000B   129             .equ    FATBOOT_BPS,            11
                         0000000D   130             .equ    FATBOOT_SPC,            13
                         0000000E   131             .equ    FATBOOT_RESERVED,       14
                         00000010   132             .equ    FATBOOT_NUM_FATS,       16
                         00000011   133             .equ    FATBOOT_ROOT_ENTRIES,   17
                         00000013   134             .equ    FATBOOT_TOTAL16,        19
                         00000016   135             .equ    FATBOOT_SECTORS_PER_FAT,22
                         00000020   136             .equ    FATBOOT_TOTAL32,        32
                         000000FE   137             .equ    FATBOOT_SIG_LO,         254
                         000000FF   138             .equ    FATBOOT_SIG_HI,         255
                                    139 
                                    140             ;; --- mbr partition table offsets within block 1 -----------------
                                    141             ;; the disk uses 256-byte physical transfers, so the standard PC
                                    142             ;; 512-byte MBR spans device blocks 0 and 1. the partition table
                                    143             ;; (offset 0x1be) and signature (offset 0x1fe) therefore live in
                                    144             ;; the SECOND 256-byte block at the offsets below.
                         000000BE   145             .equ    FATMBR_PART0,           190
                         00000010   146             .equ    FATMBR_PART_SIZE,       16
                         00000004   147             .equ    FATMBR_TYPE,            4
                         00000008   148             .equ    FATMBR_START,           8
                         0000000C   149             .equ    FATMBR_SIZE,            12
                         000000FE   150             .equ    FATMBR_SIG_LO,          254
                         000000FF   151             .equ    FATMBR_SIG_HI,          255
                                    152 
                                    153             ;; --- event / thread offsets pulled from kernel layout ----------
                         00000016   154             .equ    THREAD_PROCESS,         22
                         00000000   155             .equ    FAT_NONSIGNALED,        0
                         00000001   156             .equ    FAT_SIGNALED,           1
                         00000000   157             .equ    FAT_INIT_NONE,          0
                         00000001   158             .equ    FAT_INIT_BUSY,          1
                         00000002   159             .equ    FAT_INIT_READY,         2
                                     22 
                                     23             .globl  _fat_init
                                     24             .globl  _fat_mount_dev
                                     25             .globl  _fat_mount
                                     26             .globl  _find_dev_drv
                                     27 
                                     28             .globl  fat_ret_clean2$
                                     29             .globl  fat_alloc_req$
                                     30             .globl  fat_evt_reset$
                                     31             .globl  fat_complete_fs$
                                     32             .globl  fat_store_de$
                                     33             .globl  fat_load_de$
                                     34             .globl  fat_decode_req_evfdev$
                                     35             .globl  fat_queue_req$
                                     36             .globl  fat_req_base$
                                     37             .globl  fat_spc_shift$
                                     38             .globl  fat_prepare_fs_busy$
                                     39             .globl  fat_dev_open$
                                     40             .globl  fat_read_block$
                                     41             .globl  fat_work_fs$
                                     42             .globl  fat_work_dev$
                                     43             .globl  fat_work_event$
                                     44             .globl  fat_candidate_base$
                                     45             .globl  fat_cluster_shift$
                                     46             .globl  fat_spc_raw$
                                     47             .globl  fat_mbr_unsupported$
                                     48             .globl  fat_tmp_num_fats$
                                     49             .globl  fat_tmp_reserved$
                                     50             .globl  fat_tmp_root_entries$
                                     51             .globl  fat_tmp_spf$
                                     52             .globl  fat_tmp_total$
                                     53             .globl  fat_tmp_root_dir_sectors$
                                     54             .globl  fat_tmp_root_start$
                                     55             .globl  fat_tmp_data_start$
                                     56             .globl  fat_tmp_clusters$
                                     57             .globl  fat_sector$
                                     58 
                                     59             .globl  fat_handle_mount$
                                     60 
                                     61             .area   _CODE
                                     62 
                                     63             ;; ----------------------------------------------------------------
                                     64             ;; fat_spc_shift$(<a> sectors_per_cluster) -> <a> shift
                                     65             ;; ----------------------------------------------------------------
                                     66             ;; FAT requires sectors/cluster to be a power of two. later file
                                     67             ;; code can use the same shift to replace general division/multiply
                                     68             ;; with simple shifts. carry set = invalid value.
                                     69             ;; ----------------------------------------------------------------
    00000000                         70 fat_spc_shift$:
    00000000 B7               [ 4]   71             or      a
    00000001 28 10            [12]   72             jr      z,fss_invalid$
    00000003 06 00            [ 7]   73             ld      b,#0
    00000005                         74 fss_loop$:
    00000005 FE 01            [ 7]   75             cp      #1
    00000007 28 07            [12]   76             jr      z,fss_done$
    00000009 CB 3F            [ 8]   77             srl     a
    0000000B 38 06            [12]   78             jr      c,fss_invalid$      ; odd value > 1 => not a power of two
    0000000D 04               [ 4]   79             inc     b
    0000000E 18 F5            [12]   80             jr      fss_loop$
    00000010                         81 fss_done$:
    00000010 78               [ 4]   82             ld      a,b
    00000011 B7               [ 4]   83             or      a                   ; clear carry
    00000012 C9               [10]   84             ret
    00000013                         85 fss_invalid$:
    00000013 37               [ 4]   86             scf
    00000014 C9               [10]   87             ret
                                     88 
                                     89             ;; ----------------------------------------------------------------
                                     90             ;; fat_boot_plausible$() -> <a> 0/1
                                     91             ;; ----------------------------------------------------------------
                                     92             ;; fast low-cost filter used before we spend more code/data on full
                                     93             ;; parsing. it rejects obviously non-FAT blocks:
                                     94             ;;   - wrong 0x55aa signature
                                     95             ;;   - bytes/sector != 256
                                     96             ;;   - sectors/cluster not a power of two
                                     97             ;;   - mandatory FAT12/16 BPB fields missing
                                     98             ;;   - total sector count not representable in 16 bits today
                                     99             ;; ----------------------------------------------------------------
    00000015                        100 fat_boot_plausible$:
    00000015 3ArFEr00         [13]  101             ld      a,(fat_sector$ + FATBOOT_SIG_LO)
    00000018 FE 55            [ 7]  102             cp      #0x55
    0000001A 20 55            [12]  103             jr      nz,fbp_false$
    0000001C 3ArFFr00         [13]  104             ld      a,(fat_sector$ + FATBOOT_SIG_HI)
    0000001F FE AA            [ 7]  105             cp      #0xaa
    00000021 20 4E            [12]  106             jr      nz,fbp_false$
                                    107 
    00000023 3Ar0Br00         [13]  108             ld      a,(fat_sector$ + FATBOOT_BPS)
    00000026 B7               [ 4]  109             or      a
    00000027 20 48            [12]  110             jr      nz,fbp_false$
    00000029 3Ar0Cr00         [13]  111             ld      a,(fat_sector$ + FATBOOT_BPS + 1)
    0000002C FE 01            [ 7]  112             cp      #1
    0000002E 20 41            [12]  113             jr      nz,fbp_false$
                                    114 
    00000030 3Ar0Dr00         [13]  115             ld      a,(fat_sector$ + FATBOOT_SPC)
    00000033 CDr00r00         [17]  116             call    fat_spc_shift$
    00000036 38 39            [12]  117             jr      c,fbp_false$
                                    118 
    00000038 21r0Er00         [10]  119             ld      hl,#fat_sector$ + FATBOOT_RESERVED
    0000003B 7E               [ 7]  120             ld      a,(hl)
    0000003C 23               [ 6]  121             inc     hl
    0000003D B6               [ 7]  122             or      (hl)
    0000003E 28 31            [12]  123             jr      z,fbp_false$
                                    124 
    00000040 3Ar10r00         [13]  125             ld      a,(fat_sector$ + FATBOOT_NUM_FATS)
    00000043 B7               [ 4]  126             or      a
    00000044 28 2B            [12]  127             jr      z,fbp_false$
                                    128 
    00000046 21r11r00         [10]  129             ld      hl,#fat_sector$ + FATBOOT_ROOT_ENTRIES
    00000049 7E               [ 7]  130             ld      a,(hl)
    0000004A 23               [ 6]  131             inc     hl
    0000004B B6               [ 7]  132             or      (hl)
    0000004C 28 23            [12]  133             jr      z,fbp_false$
                                    134 
    0000004E 21r16r00         [10]  135             ld      hl,#fat_sector$ + FATBOOT_SECTORS_PER_FAT
    00000051 7E               [ 7]  136             ld      a,(hl)
    00000052 23               [ 6]  137             inc     hl
    00000053 B6               [ 7]  138             or      (hl)
    00000054 28 1B            [12]  139             jr      z,fbp_false$
                                    140 
    00000056 21r13r00         [10]  141             ld      hl,#fat_sector$ + FATBOOT_TOTAL16
    00000059 7E               [ 7]  142             ld      a,(hl)
    0000005A 23               [ 6]  143             inc     hl
    0000005B B6               [ 7]  144             or      (hl)
    0000005C 20 10            [12]  145             jr      nz,fbp_true$
                                    146 
    0000005E 21r22r00         [10]  147             ld      hl,#fat_sector$ + FATBOOT_TOTAL32 + 2
    00000061 7E               [ 7]  148             ld      a,(hl)
    00000062 23               [ 6]  149             inc     hl
    00000063 B6               [ 7]  150             or      (hl)
    00000064 20 0B            [12]  151             jr      nz,fbp_false$
                                    152 
    00000066 21r20r00         [10]  153             ld      hl,#fat_sector$ + FATBOOT_TOTAL32
    00000069 7E               [ 7]  154             ld      a,(hl)
    0000006A 23               [ 6]  155             inc     hl
    0000006B B6               [ 7]  156             or      (hl)
    0000006C 28 03            [12]  157             jr      z,fbp_false$
                                    158 
    0000006E                        159 fbp_true$:
    0000006E 3E 01            [ 7]  160             ld      a,#1
    00000070 C9               [10]  161             ret
    00000071                        162 fbp_false$:
    00000071 AF               [ 4]  163             xor     a
    00000072 C9               [10]  164             ret
                                    165 
                                    166             ;; ----------------------------------------------------------------
                                    167             ;; fat_fill_fs_from_boot$(<hl> fs, <de> lba_base256) -> <hl> rc
                                    168             ;; ----------------------------------------------------------------
                                    169             ;; full metadata parse once fat_boot_plausible$ said "this looks
                                    170             ;; like a FAT boot sector". the function still validates carefully
                                    171             ;; and returns a real FAT_* status.
                                    172             ;;
                                    173             ;; stored values stay volume-relative except for lba_base; later I/O
                                    174             ;; code will add lba_base when talking to the block driver.
                                    175             ;; ----------------------------------------------------------------
    00000073                        176 fat_fill_fs_from_boot$:
    00000073 D5               [11]  177             push    de                  ; keep lba_base safe across parsing
                                    178 
                                    179             ;; fat_boot_plausible$ already validated signature, 256-byte
                                    180             ;; sectors and a legal power-of-two sectors/cluster value.
    00000074 3Ar0Dr00         [13]  181             ld      a,(fat_sector$ + FATBOOT_SPC)
    00000077 32r00r00         [13]  182             ld      (fat_spc_raw$),a
    0000007A CDr00r00         [17]  183             call    fat_spc_shift$
    0000007D 32r00r00         [13]  184             ld      (fat_cluster_shift$),a
                                    185 
                                    186             ;; load the BPB fields we rely on. the cheap zero/high-half checks
                                    187             ;; were already done by fat_boot_plausible$ on the same sector.
    00000080 21r0Er00         [10]  188             ld      hl,#fat_sector$ + FATBOOT_RESERVED
    00000083 CDr00r00         [17]  189             call    fat_load_de$
    00000086 ED 53r00r00      [20]  190             ld      (fat_tmp_reserved$),de
                                    191 
    0000008A 3Ar10r00         [13]  192             ld      a,(fat_sector$ + FATBOOT_NUM_FATS)
    0000008D 32r00r00         [13]  193             ld      (fat_tmp_num_fats$),a
                                    194 
    00000090 21r11r00         [10]  195             ld      hl,#fat_sector$ + FATBOOT_ROOT_ENTRIES
    00000093 CDr00r00         [17]  196             call    fat_load_de$
    00000096 ED 53r00r00      [20]  197             ld      (fat_tmp_root_entries$),de
                                    198 
    0000009A 21r16r00         [10]  199             ld      hl,#fat_sector$ + FATBOOT_SECTORS_PER_FAT
    0000009D CDr00r00         [17]  200             call    fat_load_de$
    000000A0 ED 53r00r00      [20]  201             ld      (fat_tmp_spf$),de
                                    202 
                                    203             ;; total sector count: prefer total16, otherwise use total32 low.
    000000A4 21r13r00         [10]  204             ld      hl,#fat_sector$ + FATBOOT_TOTAL16
    000000A7 CDr00r00         [17]  205             call    fat_load_de$
    000000AA 7A               [ 4]  206             ld      a,d
    000000AB B3               [ 4]  207             or      e
    000000AC 20 06            [12]  208             jr      nz,ffb_have_total$
    000000AE 21r20r00         [10]  209             ld      hl,#fat_sector$ + FATBOOT_TOTAL32
    000000B1 CDr00r00         [17]  210             call    fat_load_de$
    000000B4                        211 ffb_have_total$:
    000000B4 ED 53r00r00      [20]  212             ld      (fat_tmp_total$),de
                                    213 
                                    214             ;; root_dir_sectors = ceil(root_entries / 8) = (root_entries + 7)>>3
    000000B8 ED 5Br00r00      [20]  215             ld      de,(fat_tmp_root_entries$)
    000000BC 7B               [ 4]  216             ld      a,e
    000000BD C6 07            [ 7]  217             add     a,#7
    000000BF 5F               [ 4]  218             ld      e,a
    000000C0 30 01            [12]  219             jr      nc,ffb_rds_ready$
    000000C2 14               [ 4]  220             inc     d
    000000C3                        221 ffb_rds_ready$:
    000000C3 CB 3A            [ 8]  222             srl     d
    000000C5 CB 1B            [ 8]  223             rr      e
    000000C7 CB 3A            [ 8]  224             srl     d
    000000C9 CB 1B            [ 8]  225             rr      e
    000000CB CB 3A            [ 8]  226             srl     d
    000000CD CB 1B            [ 8]  227             rr      e
    000000CF ED 53r00r00      [20]  228             ld      (fat_tmp_root_dir_sectors$),de
    000000D3 E5               [11]  229             push    hl
    000000D4 01 0C 00         [10]  230             ld      bc,#FATFS_ROOT_DIR_SECTORS
    000000D7 09               [11]  231             add     hl,bc
    000000D8 CDr00r00         [17]  232             call    fat_store_de$
    000000DB E1               [10]  233             pop     hl
                                    234 
                                    235             ;; fat_start = reserved_sectors
    000000DC ED 5Br00r00      [20]  236             ld      de,(fat_tmp_reserved$)
    000000E0 E5               [11]  237             push    hl
    000000E1 01 0E 00         [10]  238             ld      bc,#FATFS_FAT_START
    000000E4 09               [11]  239             add     hl,bc
    000000E5 CDr00r00         [17]  240             call    fat_store_de$
    000000E8 E1               [10]  241             pop     hl
                                    242 
                                    243             ;; root_start = reserved + num_fats * sectors_per_fat
    000000E9 2Ar00r00         [16]  244             ld      hl,(fat_tmp_reserved$)
    000000EC ED 5Br00r00      [20]  245             ld      de,(fat_tmp_spf$)
    000000F0 3Ar00r00         [13]  246             ld      a,(fat_tmp_num_fats$)
    000000F3                        247 ffb_root_loop$:
    000000F3 B7               [ 4]  248             or      a
    000000F4 28 04            [12]  249             jr      z,ffb_root_done$
    000000F6 19               [11]  250             add     hl,de
    000000F7 3D               [ 4]  251             dec     a
    000000F8 18 F9            [12]  252             jr      ffb_root_loop$
    000000FA                        253 ffb_root_done$:
    000000FA 22r00r00         [16]  254             ld      (fat_tmp_root_start$),hl
                                    255 
                                    256             ;; data_start = root_start + root_dir_sectors
    000000FD ED 5Br00r00      [20]  257             ld      de,(fat_tmp_root_dir_sectors$)
    00000101 19               [11]  258             add     hl,de
    00000102 22r00r00         [16]  259             ld      (fat_tmp_data_start$),hl
                                    260 
                                    261             ;; data_start must lie inside the volume.
    00000105 EB               [ 4]  262             ex      de,hl               ; de = data_start
    00000106 2Ar00r00         [16]  263             ld      hl,(fat_tmp_total$)
    00000109 B7               [ 4]  264             or      a
    0000010A ED 52            [15]  265             sbc     hl,de
    0000010C DArA1r01         [10]  266             jp      c,ffb_corrupt_pop$
    0000010F CArA1r01         [10]  267             jp      z,ffb_corrupt_pop$
                                    268 
                                    269             ;; total_clusters = (total - data_start) >> cluster_shift
    00000112 3Ar00r00         [13]  270             ld      a,(fat_cluster_shift$)
    00000115                        271 ffb_cls_loop$:
    00000115 B7               [ 4]  272             or      a
    00000116 28 07            [12]  273             jr      z,ffb_cls_done$
    00000118 CB 3C            [ 8]  274             srl     h
    0000011A CB 1D            [ 8]  275             rr      l
    0000011C 3D               [ 4]  276             dec     a
    0000011D 18 F6            [12]  277             jr      ffb_cls_loop$
    0000011F                        278 ffb_cls_done$:
    0000011F 7C               [ 4]  279             ld      a,h
    00000120 B5               [ 4]  280             or      l
    00000121 28 7E            [12]  281             jr      z,ffb_corrupt_pop$
    00000123 22r00r00         [16]  282             ld      (fat_tmp_clusters$),hl
                                    283 
                                    284             ;; commit the validated metadata in one linear pass. this avoids
                                    285             ;; repeating "add fs+offset / store / restore hl" scaffolding for
                                    286             ;; every field in fat_fs_t.
    00000126 D1               [10]  287             pop     de                  ; de = saved lba_base
    00000127 2Ar00r00         [16]  288             ld      hl,(fat_work_fs$)
    0000012A 23               [ 6]  289             inc     hl
    0000012B 23               [ 6]  290             inc     hl                  ; hl = fs->lba_base
    0000012C CDr00r00         [17]  291             call    fat_store_de$
    0000012F ED 5Br00r00      [20]  292             ld      de,(fat_tmp_total$)
    00000133 CDr00r00         [17]  293             call    fat_store_de$
    00000136 ED 5Br00r00      [20]  294             ld      de,(fat_tmp_reserved$)
    0000013A CDr00r00         [17]  295             call    fat_store_de$
    0000013D ED 5Br00r00      [20]  296             ld      de,(fat_tmp_spf$)
    00000141 CDr00r00         [17]  297             call    fat_store_de$
    00000144 ED 5Br00r00      [20]  298             ld      de,(fat_tmp_root_entries$)
    00000148 CDr00r00         [17]  299             call    fat_store_de$
    0000014B ED 5Br00r00      [20]  300             ld      de,(fat_tmp_root_dir_sectors$)
    0000014F CDr00r00         [17]  301             call    fat_store_de$
    00000152 ED 5Br00r00      [20]  302             ld      de,(fat_tmp_reserved$)
    00000156 CDr00r00         [17]  303             call    fat_store_de$       ; fat_start = reserved
    00000159 ED 5Br00r00      [20]  304             ld      de,(fat_tmp_root_start$)
    0000015D CDr00r00         [17]  305             call    fat_store_de$
    00000160 ED 5Br00r00      [20]  306             ld      de,(fat_tmp_data_start$)
    00000164 CDr00r00         [17]  307             call    fat_store_de$
    00000167 ED 5Br00r00      [20]  308             ld      de,(fat_tmp_clusters$)
    0000016B CDr00r00         [17]  309             call    fat_store_de$
                                    310 
                                    311             ;; alloc_hint starts at cluster 2 for the future allocator.
    0000016E 11 02 00         [10]  312             ld      de,#FAT_CLUSTER_FIRST
    00000171 CDr00r00         [17]  313             call    fat_store_de$
    00000174 3Ar00r00         [13]  314             ld      a,(fat_spc_raw$)
    00000177 77               [ 7]  315             ld      (hl),a
    00000178 23               [ 6]  316             inc     hl
    00000179 3Ar00r00         [13]  317             ld      a,(fat_tmp_num_fats$)
    0000017C 77               [ 7]  318             ld      (hl),a
    0000017D 23               [ 6]  319             inc     hl
                                    320 
                                    321             ;; FAT12 if clusters < 4085, otherwise FAT16.
    0000017E ED 5Br00r00      [20]  322             ld      de,(fat_tmp_clusters$)
    00000182 7A               [ 4]  323             ld      a,d
    00000183 FE 0F            [ 7]  324             cp      #0x0f
    00000185 38 0B            [12]  325             jr      c,ffb_commit_fat12$
    00000187 20 05            [12]  326             jr      nz,ffb_commit_fat16$
    00000189 7B               [ 4]  327             ld      a,e
    0000018A FE F5            [ 7]  328             cp      #0xf5
    0000018C 38 04            [12]  329             jr      c,ffb_commit_fat12$
    0000018E                        330 ffb_commit_fat16$:
    0000018E 3E 10            [ 7]  331             ld      a,#16
    00000190 18 02            [12]  332             jr      ffb_commit_fatbits$
    00000192                        333 ffb_commit_fat12$:
    00000192 3E 0C            [ 7]  334             ld      a,#12
    00000194                        335 ffb_commit_fatbits$:
    00000194 77               [ 7]  336             ld      (hl),a
    00000195 23               [ 6]  337             inc     hl
    00000196 36 01            [10]  338             ld      (hl),#1             ; mounted = 1
                                    339 
    00000198 21 00 00         [10]  340             ld      hl,#FAT_OK
    0000019B C9               [10]  341             ret
                                    342 
    0000019C                        343 ffb_notsup_pop$:
    0000019C C1               [10]  344             pop     bc
    0000019D 21 F6 FF         [10]  345             ld      hl,#FAT_ENOTSUP
    000001A0 C9               [10]  346             ret
    000001A1                        347 ffb_corrupt_pop$:
    000001A1 C1               [10]  348             pop     bc
    000001A2 21 F4 FF         [10]  349             ld      hl,#FAT_ECORRUPT
    000001A5 C9               [10]  350             ret
                                    351 
                                    352             ;; ----------------------------------------------------------------
                                    353             ;; fat_mount_from_mbr$() -> <hl> rc
                                    354             ;; ----------------------------------------------------------------
                                    355             ;; reads the second half of the PC-style MBR, validates the 0x55aa
                                    356             ;; signature and scans up to four partition entries. for each non-
                                    357             ;; empty entry we try the stored start value directly and, if that
                                    358             ;; fails, doubled. this lets us tolerate either 256-byte or 512-byte
                                    359             ;; partition-base conventions without hardcoding one forever.
                                    360             ;; ----------------------------------------------------------------
    000001A6                        361 fat_mount_from_mbr$:
    000001A6 AF               [ 4]  362             xor     a
    000001A7 32r00r00         [13]  363             ld      (fat_mbr_unsupported$),a
                                    364 
    000001AA 2Ar00r00         [16]  365             ld      hl,(fat_work_dev$)
    000001AD 11 01 00         [10]  366             ld      de,#1
    000001B0 CDr00r00         [17]  367             call    fat_read_block$
    000001B3 7C               [ 4]  368             ld      a,h
    000001B4 B5               [ 4]  369             or      l
    000001B5 C0               [11]  370             ret     nz
                                    371 
    000001B6 3ArFEr00         [13]  372             ld      a,(fat_sector$ + FATMBR_SIG_LO)
    000001B9 FE 55            [ 7]  373             cp      #0x55
    000001BB C2r57r02         [10]  374             jp      nz,fmm_corrupt$
    000001BE 3ArFFr00         [13]  375             ld      a,(fat_sector$ + FATMBR_SIG_HI)
    000001C1 FE AA            [ 7]  376             cp      #0xaa
    000001C3 C2r57r02         [10]  377             jp      nz,fmm_corrupt$
                                    378 
    000001C6 21rBEr00         [10]  379             ld      hl,#fat_sector$ + FATMBR_PART0
    000001C9 06 04            [ 7]  380             ld      b,#4
    000001CB                        381 fmm_scan$:
    000001CB C5               [11]  382             push    bc
    000001CC E5               [11]  383             push    hl                  ; original entry pointer for this round
                                    384 
    000001CD 11 04 00         [10]  385             ld      de,#FATMBR_TYPE
    000001D0 19               [11]  386             add     hl,de
    000001D1 7E               [ 7]  387             ld      a,(hl)
    000001D2 B7               [ 4]  388             or      a
    000001D3 28 69            [12]  389             jr      z,fmm_next$
                                    390 
    000001D5 11 08 00         [10]  391             ld      de,#(FATMBR_SIZE - FATMBR_TYPE)
    000001D8 19               [11]  392             add     hl,de
    000001D9 7E               [ 7]  393             ld      a,(hl)
    000001DA 23               [ 6]  394             inc     hl
    000001DB B6               [ 7]  395             or      (hl)
    000001DC 23               [ 6]  396             inc     hl
    000001DD B6               [ 7]  397             or      (hl)
    000001DE 23               [ 6]  398             inc     hl
    000001DF B6               [ 7]  399             or      (hl)
    000001E0 28 5C            [12]  400             jr      z,fmm_next$
                                    401 
    000001E2 E1               [10]  402             pop     hl                  ; restore entry pointer
    000001E3 E5               [11]  403             push    hl
    000001E4 11 08 00         [10]  404             ld      de,#FATMBR_START
    000001E7 19               [11]  405             add     hl,de
    000001E8 CDr00r00         [17]  406             call    fat_load_de$        ; de = low 16 bits of start
    000001EB ED 53r00r00      [20]  407             ld      (fat_candidate_base$),de
    000001EF 23               [ 6]  408             inc     hl
    000001F0 23               [ 6]  409             inc     hl
    000001F1 7E               [ 7]  410             ld      a,(hl)
    000001F2 23               [ 6]  411             inc     hl
    000001F3 B6               [ 7]  412             or      (hl)
    000001F4 28 07            [12]  413             jr      z,fmm_try_direct$
    000001F6 3E 01            [ 7]  414             ld      a,#1
    000001F8 32r00r00         [13]  415             ld      (fat_mbr_unsupported$),a
    000001FB 18 41            [12]  416             jr      fmm_next$
                                    417 
    000001FD                        418 fmm_try_direct$:
    000001FD 2Ar00r00         [16]  419             ld      hl,(fat_work_dev$)
    00000200 ED 5Br00r00      [20]  420             ld      de,(fat_candidate_base$)
    00000204 CDr00r00         [17]  421             call    fat_read_block$
    00000207 7C               [ 4]  422             ld      a,h
    00000208 B5               [ 4]  423             or      l
    00000209 20 49            [12]  424             jr      nz,fmm_stop$
    0000020B CDr15r00         [17]  425             call    fat_boot_plausible$
    0000020E B7               [ 4]  426             or      a
    0000020F 20 21            [12]  427             jr      nz,fmm_parse$
                                    428 
    00000211 ED 5Br00r00      [20]  429             ld      de,(fat_candidate_base$)
    00000215 7A               [ 4]  430             ld      a,d
    00000216 E6 80            [ 7]  431             and     #0x80              ; doubling would overflow 16 bits
    00000218 20 24            [12]  432             jr      nz,fmm_next$
    0000021A CB 23            [ 8]  433             sla     e
    0000021C CB 12            [ 8]  434             rl      d
    0000021E ED 53r00r00      [20]  435             ld      (fat_candidate_base$),de
    00000222 2Ar00r00         [16]  436             ld      hl,(fat_work_dev$)
    00000225 CDr00r00         [17]  437             call    fat_read_block$
    00000228 7C               [ 4]  438             ld      a,h
    00000229 B5               [ 4]  439             or      l
    0000022A 20 28            [12]  440             jr      nz,fmm_stop$
    0000022C CDr15r00         [17]  441             call    fat_boot_plausible$
    0000022F B7               [ 4]  442             or      a
    00000230 28 0C            [12]  443             jr      z,fmm_next$
                                    444 
    00000232                        445 fmm_parse$:
    00000232 2Ar00r00         [16]  446             ld      hl,(fat_work_fs$)
    00000235 ED 5Br00r00      [20]  447             ld      de,(fat_candidate_base$)
    00000239 CDr73r00         [17]  448             call    fat_fill_fs_from_boot$
    0000023C 18 16            [12]  449             jr      fmm_stop$
                                    450 
    0000023E                        451 fmm_next$:
    0000023E E1               [10]  452             pop     hl
    0000023F C1               [10]  453             pop     bc
    00000240 11 10 00         [10]  454             ld      de,#FATMBR_PART_SIZE
    00000243 19               [11]  455             add     hl,de
    00000244 10 85            [13]  456             djnz    fmm_scan$
                                    457 
    00000246 3Ar00r00         [13]  458             ld      a,(fat_mbr_unsupported$)
    00000249 B7               [ 4]  459             or      a
    0000024A 20 04            [12]  460             jr      nz,fmm_notsup$
    0000024C 21 FA FF         [10]  461             ld      hl,#FAT_ENOENT
    0000024F C9               [10]  462             ret
    00000250                        463 fmm_notsup$:
    00000250 21 F6 FF         [10]  464             ld      hl,#FAT_ENOTSUP
    00000253 C9               [10]  465             ret
                                    466 
    00000254                        467 fmm_stop$:
    00000254 C1               [10]  468             pop     bc
    00000255 C1               [10]  469             pop     bc
    00000256 C9               [10]  470             ret
                                    471 
    00000257                        472 fmm_corrupt$:
    00000257 21 F4 FF         [10]  473             ld      hl,#FAT_ECORRUPT
    0000025A C9               [10]  474             ret
                                    475 
                                    476             ;; ----------------------------------------------------------------
                                    477             ;; fat_handle_mount$(<de> req)
                                    478             ;; ----------------------------------------------------------------
                                    479             ;; worker-side execution of one queued mount request. all mutable
                                    480             ;; worker scratch lives in _SYSVARS so the code can stay simple and
                                    481             ;; stack usage stays tiny.
                                    482             ;; ----------------------------------------------------------------
    0000025B                        483 fat_handle_mount$:
    0000025B CDr00r00         [17]  484             call    fat_decode_req_evfdev$
                                    485 
    0000025E 2Ar00r00         [16]  486             ld      hl,(fat_work_fs$)
    00000261 7C               [ 4]  487             ld      a,h
    00000262 B5               [ 4]  488             or      l
    00000263 28 3F            [12]  489             jr      z,fhm_bad$
    00000265 ED 5Br00r00      [20]  490             ld      de,(fat_work_dev$)
    00000269 7A               [ 4]  491             ld      a,d
    0000026A B3               [ 4]  492             or      e
    0000026B 28 37            [12]  493             jr      z,fhm_bad$
                                    494 
    0000026D 2Ar00r00         [16]  495             ld      hl,(fat_work_fs$)
    00000270 ED 5Br00r00      [20]  496             ld      de,(fat_work_dev$)
    00000274 CDr00r00         [17]  497             call    fat_prepare_fs_busy$
                                    498 
    00000277 2Ar00r00         [16]  499             ld      hl,(fat_work_dev$)
    0000027A CDr00r00         [17]  500             call    fat_dev_open$
    0000027D 7C               [ 4]  501             ld      a,h
    0000027E B5               [ 4]  502             or      l
    0000027F 20 28            [12]  503             jr      nz,fhm_eio$
                                    504 
    00000281 2Ar00r00         [16]  505             ld      hl,(fat_work_dev$)
    00000284 11 00 00         [10]  506             ld      de,#0
    00000287 CDr00r00         [17]  507             call    fat_read_block$
    0000028A 7C               [ 4]  508             ld      a,h
    0000028B B5               [ 4]  509             or      l
    0000028C 20 1E            [12]  510             jr      nz,fhm_finish_hl$
                                    511 
    0000028E CDr15r00         [17]  512             call    fat_boot_plausible$
    00000291 B7               [ 4]  513             or      a
    00000292 28 0B            [12]  514             jr      z,fhm_try_mbr$
                                    515 
    00000294 2Ar00r00         [16]  516             ld      hl,(fat_work_fs$)
    00000297 11 00 00         [10]  517             ld      de,#0
    0000029A CDr73r00         [17]  518             call    fat_fill_fs_from_boot$
    0000029D 18 0D            [12]  519             jr      fhm_finish_hl$
                                    520 
    0000029F                        521 fhm_try_mbr$:
    0000029F CDrA6r01         [17]  522             call    fat_mount_from_mbr$
    000002A2 18 08            [12]  523             jr      fhm_finish_hl$
                                    524 
    000002A4                        525 fhm_bad$:
    000002A4 21 FE FF         [10]  526             ld      hl,#FAT_EINVAL
    000002A7 18 03            [12]  527             jr      fhm_finish_hl$
    000002A9                        528 fhm_eio$:
    000002A9 21 FB FF         [10]  529             ld      hl,#FAT_EIO
                                    530 
    000002AC                        531 fhm_finish_hl$:
    000002AC EB               [ 4]  532             ex      de,hl               ; de = final status
    000002AD 2Ar00r00         [16]  533             ld      hl,(fat_work_fs$)
    000002B0 7C               [ 4]  534             ld      a,h
    000002B1 B5               [ 4]  535             or      l
    000002B2 C8               [11]  536             ret     z                   ; invalid request: nothing safe to poke
    000002B3 ED 4Br00r00      [20]  537             ld      bc,(fat_work_event$)
    000002B7 C3r00r00         [10]  538             jp      fat_complete_fs$
                                    539             ;; ----------------------------------------------------------------
                                    540             ;; fat_mount_common$(<hl> fs, <de> dev, <bc> event) -> <de> rc
                                    541             ;; ----------------------------------------------------------------
                                    542             ;; shared submit path for mount-by-name and mount-by-device.
                                    543             ;; returns FAT_OK once the request is queued; completion is later
                                    544             ;; reported through event + fs->status.
                                    545             ;; ----------------------------------------------------------------
    000002BA                        546 fat_mount_common$:
    000002BA 7C               [ 4]  547             ld      a,h
    000002BB B5               [ 4]  548             or      l
    000002BC 28 5A            [12]  549             jr      z,fmc_invalid$
    000002BE 7A               [ 4]  550             ld      a,d
    000002BF B3               [ 4]  551             or      e
    000002C0 28 56            [12]  552             jr      z,fmc_invalid$
                                    553 
    000002C2 C5               [11]  554             push    bc
    000002C3 D5               [11]  555             push    de
    000002C4 E5               [11]  556             push    hl
    000002C5 60               [ 4]  557             ld      h,b
    000002C6 69               [ 4]  558             ld      l,c
    000002C7 CDr00r00         [17]  559             call    fat_evt_reset$
    000002CA E1               [10]  560             pop     hl
    000002CB D1               [10]  561             pop     de
    000002CC C1               [10]  562             pop     bc
                                    563 
    000002CD C5               [11]  564             push    bc
    000002CE D5               [11]  565             push    de
    000002CF E5               [11]  566             push    hl
    000002D0 CDr00r00         [17]  567             call    _fat_init
    000002D3 E1               [10]  568             pop     hl
    000002D4 D1               [10]  569             pop     de
    000002D5 C1               [10]  570             pop     bc
    000002D6 7A               [ 4]  571             ld      a,d
    000002D7 B3               [ 4]  572             or      e
    000002D8 28 03            [12]  573             jr      z,fmc_inited$
    000002DA C3r00r00         [10]  574             jp      fat_complete_fs$
                                    575 
    000002DD                        576 fmc_inited$:
    000002DD D5               [11]  577             push    de
    000002DE CDr00r00         [17]  578             call    fat_prepare_fs_busy$
    000002E1 D1               [10]  579             pop     de
                                    580 
    000002E2 C5               [11]  581             push    bc                  ; save event
    000002E3 D5               [11]  582             push    de                  ; save dev
    000002E4 E5               [11]  583             push    hl                  ; save fs
    000002E5 CDr00r00         [17]  584             call    fat_alloc_req$
    000002E8 E1               [10]  585             pop     hl                  ; restore fs
    000002E9 D1               [10]  586             pop     de                  ; restore dev
    000002EA C1               [10]  587             pop     bc                  ; restore event
                                    588 
    000002EB 20 06            [12]  589             jr      nz,fmc_have_req$
    000002ED 11 FF FF         [10]  590             ld      de,#FAT_ENOMEM
    000002F0 C3r00r00         [10]  591             jp      fat_complete_fs$
                                    592 
    000002F3                        593 fmc_have_req$:
                                    594             ;; fill the request. the heap block itself is system-owned; the
                                    595             ;; embedded req->owner field still records the logical caller
                                    596             ;; owner so dead-owner cleanup can unlink queued work later on.
    000002F3 D5               [11]  597             push    de                  ; save dev
    000002F4 E5               [11]  598             push    hl                  ; save fs
    000002F5 CDr00r00         [17]  599             call    fat_req_base$
    000002F8 36 01            [10]  600             ld      (hl),#FATREQ_OP_MOUNT
    000002FA 23               [ 6]  601             inc     hl
    000002FB 77               [ 7]  602             ld      (hl),a              ; flags = 0
    000002FC 23               [ 6]  603             inc     hl
    000002FD 71               [ 7]  604             ld      (hl),c
    000002FE 23               [ 6]  605             inc     hl
    000002FF 70               [ 7]  606             ld      (hl),b              ; event
    00000300 23               [ 6]  607             inc     hl
    00000301 D1               [10]  608             pop     de                  ; fs
    00000302 CDr00r00         [17]  609             call    fat_store_de$
    00000305 D1               [10]  610             pop     de                  ; dev
    00000306 CDr00r00         [17]  611             call    fat_store_de$
    00000309 77               [ 7]  612             ld      (hl),a              ; buf lo
    0000030A 23               [ 6]  613             inc     hl
    0000030B 77               [ 7]  614             ld      (hl),a              ; buf hi
    0000030C 23               [ 6]  615             inc     hl
    0000030D 77               [ 7]  616             ld      (hl),a              ; bytes lo
    0000030E 23               [ 6]  617             inc     hl
    0000030F 77               [ 7]  618             ld      (hl),a              ; bytes hi
    00000310 23               [ 6]  619             inc     hl
    00000311 77               [ 7]  620             ld      (hl),a              ; arg lo
    00000312 23               [ 6]  621             inc     hl
    00000313 77               [ 7]  622             ld      (hl),a              ; arg hi
                                    623 
    00000314 CDr00r00         [17]  624             call    fat_queue_req$
    00000317 C9               [10]  625             ret
                                    626 
    00000318                        627 fmc_invalid$:
    00000318 11 FE FF         [10]  628             ld      de,#FAT_EINVAL
    0000031B C9               [10]  629             ret
                                    630 
                                    631             ;; ----------------------------------------------------------------
                                    632             ;; <de> <= _fat_mount_dev(<hl> fs, <de> dev, <stack> event)
                                    633             ;; ----------------------------------------------------------------
    0000031C                        634 _fat_mount_dev::
    0000031C E5               [11]  635             push    hl                  ; keep fs while we look at the stack
    0000031D 21 04 00         [10]  636             ld      hl,#4
    00000320 39               [11]  637             add     hl,sp
    00000321 4E               [ 7]  638             ld      c,(hl)
    00000322 23               [ 6]  639             inc     hl
    00000323 46               [ 7]  640             ld      b,(hl)              ; bc = stacked event pointer
    00000324 E1               [10]  641             pop     hl                  ; restore fs
    00000325 CDrBAr02         [17]  642             call    fat_mount_common$
    00000328 C3r00r00         [10]  643             jp      fat_ret_clean2$
                                    644 
                                    645             ;; ----------------------------------------------------------------
                                    646             ;; <de> <= _fat_mount(<hl> fs, <de> dev_name, <stack> event)
                                    647             ;; ----------------------------------------------------------------
                                    648             ;; resolves the device by name first. if no such device exists we
                                    649             ;; complete the request immediately with FAT_ENODEV.
                                    650             ;; ----------------------------------------------------------------
    0000032B                        651 _fat_mount::
    0000032B E5               [11]  652             push    hl                  ; keep fs while we look at the stack
    0000032C 21 04 00         [10]  653             ld      hl,#4
    0000032F 39               [11]  654             add     hl,sp
    00000330 4E               [ 7]  655             ld      c,(hl)
    00000331 23               [ 6]  656             inc     hl
    00000332 46               [ 7]  657             ld      b,(hl)              ; bc = stacked event pointer
    00000333 E1               [10]  658             pop     hl                  ; restore fs
    00000334 7C               [ 4]  659             ld      a,h
    00000335 B5               [ 4]  660             or      l
    00000336 28 2A            [12]  661             jr      z,fm_invalid$
    00000338 EB               [ 4]  662             ex      de,hl               ; hl = device name, de = fs
    00000339 7C               [ 4]  663             ld      a,h
    0000033A B5               [ 4]  664             or      l
    0000033B 28 24            [12]  665             jr      z,fm_invalid_restore$
    0000033D C5               [11]  666             push    bc                  ; keep event across the lookup
    0000033E D5               [11]  667             push    de                  ; keep fs across the lookup
    0000033F CDr00r00         [17]  668             call    _find_dev_drv
    00000342 EB               [ 4]  669             ex      de,hl               ; de = dev, hl = driver (ignored now)
    00000343 E1               [10]  670             pop     hl                  ; hl = fs
    00000344 C1               [10]  671             pop     bc                  ; bc = event
    00000345 7A               [ 4]  672             ld      a,d
    00000346 B3               [ 4]  673             or      e
    00000347 20 12            [12]  674             jr      nz,fm_have_dev$
    00000349 C5               [11]  675             push    bc
    0000034A E5               [11]  676             push    hl
    0000034B 60               [ 4]  677             ld      h,b
    0000034C 69               [ 4]  678             ld      l,c
    0000034D CDr00r00         [17]  679             call    fat_evt_reset$
    00000350 E1               [10]  680             pop     hl                  ; fs
    00000351 C1               [10]  681             pop     bc                  ; event
    00000352 11 FC FF         [10]  682             ld      de,#FAT_ENODEV
    00000355 CDr00r00         [17]  683             call    fat_complete_fs$
    00000358 C3r00r00         [10]  684             jp      fat_ret_clean2$
                                    685 
    0000035B                        686 fm_have_dev$:
    0000035B CDrBAr02         [17]  687             call    fat_mount_common$
    0000035E C3r00r00         [10]  688             jp      fat_ret_clean2$
                                    689 
    00000361                        690 fm_invalid_restore$:
    00000361 EB               [ 4]  691             ex      de,hl               ; restore hl = fs for invalid return
    00000362                        692 fm_invalid$:
    00000362 11 FE FF         [10]  693             ld      de,#FAT_EINVAL
    00000365 C3r00r00         [10]  694             jp      fat_ret_clean2$
